[11:53:42] [ServerMain/INFO]: Environment: authHost='https://authserver.mojang.com', accountsHost='https://api.mojang.com', sessionHost='https://sessionserver.mojang.com', servicesHost='https://api.minecraftservices.com', name='PROD'
[11:53:43] [ServerMain/INFO]: Loaded 7 recipes
[11:53:44] [Server thread/INFO]: Starting minecraft server version 1.20.1
[11:53:44] [Server thread/INFO]: Loading properties
[11:53:44] [Server thread/INFO]: This server is running Paper version git-Paper-196 (MC: 1.20.1) (Implementing API version 1.20.1-R0.1-SNAPSHOT) (Git: 773dd72)
[11:53:45] [Server thread/INFO]: Server Ping Player Sample Count: 12
[11:53:45] [Server thread/INFO]: Using 4 threads for Netty based IO
[11:53:45] [Server thread/WARN]: [!] The timings profiler has been enabled but has been scheduled for removal from Paper in the future.
    We recommend installing the spark profiler as a replacement: https://spark.lucko.me/
    For more information please visit: https://github.com/PaperMC/Paper/issues/8948
[11:53:45] [Server thread/INFO]: [ChunkTaskScheduler] Chunk system is using 1 I/O threads, 2 worker threads, and gen parallelism of 2 threads
[11:53:46] [Server thread/INFO]: Default game type: SURVIVAL
[11:53:46] [Server thread/INFO]: Generating keypair
[11:53:46] [Server thread/INFO]: Starting Minecraft server on *:25565
[11:53:46] [Server thread/INFO]: Using default channel type
[11:53:46] [Server thread/INFO]: Paper: Using libdeflate (macOS ARM64 / Apple Silicon) compression from Velocity.
[11:53:46] [Server thread/INFO]: Paper: Using native (macOS ARM64 / Apple Silicon) cipher from Velocity.
[11:53:46] [Server thread/INFO]: [InvSee++] Loading server plugin InvSeePlusPlus v0.30.15
[11:53:46] [Server thread/INFO]: Server permissions file permissions.yml is empty, ignoring it
[11:53:46] [Server thread/WARN]: **** SERVER IS RUNNING IN OFFLINE/INSECURE MODE!
[11:53:46] [Server thread/WARN]: The server will make no attempt to authenticate usernames. Beware.
[11:53:46] [Server thread/WARN]: While this makes the game possible to play without internet access, it also opens up the ability for hackers to connect with any username they choose.
[11:53:46] [Server thread/WARN]: To change this, set "online-mode" to "true" in the server.properties file.
[11:53:46] [Server thread/INFO]: Preparing level "world"
[11:53:47] [Server thread/INFO]: Preparing start region for dimension minecraft:overworld
[11:53:47] [Server thread/INFO]: Time elapsed: 196 ms
[11:53:47] [Server thread/INFO]: Preparing start region for dimension minecraft:the_nether
[11:53:47] [Server thread/INFO]: Time elapsed: 94 ms
[11:53:47] [Server thread/INFO]: Preparing start region for dimension minecraft:the_end
[11:53:47] [Server thread/INFO]: Time elapsed: 54 ms
[11:53:47] [Server thread/INFO]: [InvSee++] Enabling InvSeePlusPlus v0.30.15
[11:53:47] [Server thread/INFO]: [InvSee++] Detected server software: CraftBukkit version 1.20.1
[11:53:48] [Server thread/INFO]: Running delayed init tasks
[11:53:48] [Server thread/INFO]: Done (3.795s)! For help, type "help"
[11:53:48] [Server thread/INFO]: Timings Reset
[11:53:52] [User Authenticator #0/INFO]: UUID of player AI_Engineer is 09997518-b4d5-3afb-8dce-c3079a6d1a2b
[11:53:53] [Server thread/INFO]: AI_Engineer joined the game
[11:53:53] [Server thread/INFO]: AI_Engineer[/[0:0:0:0:0:0:0:1]:59619] logged in with entity id 239 at ([world]1523.5538958491973, 79.0, 979.3074866677416)
[11:54:49] [Server thread/INFO]: AI_Engineer lost connection: Disconnected
[11:54:49] [Server thread/INFO]: AI_Engineer left the game
[12:04:01] [User Authenticator #1/INFO]: UUID of player AI_Engineer is 09997518-b4d5-3afb-8dce-c3079a6d1a2b
[12:04:01] [Server thread/INFO]: AI_Engineer joined the game
[12:04:01] [Server thread/INFO]: AI_Engineer[/[0:0:0:0:0:0:0:1]:59839] logged in with entity id 352 at ([world]1523.5538958491973, 79.0, 979.3074866677416)
[12:04:04] [Server thread/INFO]: AI_Engineer lost connection: Disconnected
[12:04:04] [Server thread/INFO]: AI_Engineer left the game
[12:04:42] [Server thread/INFO]: Stopping server
[12:04:42] [Server thread/INFO]: [InvSee++] Disabling InvSeePlusPlus v0.30.15
[12:04:42] [Server console handler/ERROR]: Caught previously unhandled exception :
java.io.IOError: java.io.IOException: Input/output error
	at org.jline.keymap.BindingReader.readCharacter(BindingReader.java:170) ~[jline-reader-3.20.0.jar:?]
	at org.jline.keymap.BindingReader.readBinding(BindingReader.java:110) ~[jline-reader-3.20.0.jar:?]
	at org.jline.keymap.BindingReader.readBinding(BindingReader.java:61) ~[jline-reader-3.20.0.jar:?]
	at org.jline.reader.impl.LineReaderImpl.doReadBinding(LineReaderImpl.java:923) ~[jline-reader-3.20.0.jar:?]
	at org.jline.reader.impl.LineReaderImpl.readBinding(LineReaderImpl.java:956) ~[jline-reader-3.20.0.jar:?]
	at org.jline.reader.impl.LineReaderImpl.readLine(LineReaderImpl.java:651) ~[jline-reader-3.20.0.jar:?]
	at org.jline.reader.impl.LineReaderImpl.readLine(LineReaderImpl.java:468) ~[jline-reader-3.20.0.jar:?]
	at net.minecrell.terminalconsole.SimpleTerminalConsole.readCommands(SimpleTerminalConsole.java:158) ~[terminalconsoleappender-1.3.0.jar:?]
	at net.minecrell.terminalconsole.SimpleTerminalConsole.start(SimpleTerminalConsole.java:141) ~[terminalconsoleappender-1.3.0.jar:?]
	at net.minecraft.server.dedicated.DedicatedServer$1.run(DedicatedServer.java:102) ~[paper-1.20.1.jar:git-Paper-196]
Caused by: java.io.IOException: Input/output error
	at java.io.FileInputStream.read0(Native Method) ~[?:?]
	at java.io.FileInputStream.read(FileInputStream.java:231) ~[?:?]
	at org.jline.terminal.impl.AbstractPty$PtyInputStream.read(AbstractPty.java:73) ~[jline-terminal-3.21.0.jar:?]
	at org.jline.utils.NonBlockingInputStream.read(NonBlockingInputStream.java:62) ~[jline-terminal-3.21.0.jar:?]
	at org.jline.utils.NonBlocking$NonBlockingInputStreamReader.read(NonBlocking.java:168) ~[jline-terminal-3.21.0.jar:?]
	at org.jline.utils.NonBlockingReader.read(NonBlockingReader.java:57) ~[jline-terminal-3.21.0.jar:?]
	at org.jline.keymap.BindingReader.readCharacter(BindingReader.java:160) ~[jline-reader-3.20.0.jar:?]
	... 9 more
[12:04:42] [Server thread/INFO]: Saving players
[12:04:42] [Server thread/INFO]: Saving worlds
[12:04:42] [Server thread/INFO]: Saving chunks for level 'ServerLevel[world]'/minecraft:overworld
[12:04:42] [Server thread/INFO]: [ChunkHolderManager] Waiting 60s for chunk system to halt for world 'world'
[12:04:42] [Server thread/INFO]: [ChunkHolderManager] Halted chunk system for world 'world'
[12:04:42] [Server thread/INFO]: [ChunkHolderManager] Saving all chunkholders for world 'world'
[12:04:43] [Server thread/INFO]: [ChunkHolderManager] Saved 4 block chunks, 133 entity chunks, 0 poi chunks in world 'world' in 0,07s
[12:04:43] [Server thread/INFO]: ThreadedAnvilChunkStorage (world): All chunks are saved
[12:04:43] [Server thread/INFO]: Saving chunks for level 'ServerLevel[world_nether]'/minecraft:the_nether
[12:04:43] [Server thread/INFO]: [ChunkHolderManager] Waiting 60s for chunk system to halt for world 'world_nether'
[12:04:43] [Server thread/INFO]: [ChunkHolderManager] Halted chunk system for world 'world_nether'
[12:04:43] [Server thread/INFO]: [ChunkHolderManager] Saving all chunkholders for world 'world_nether'
[12:04:43] [Server thread/INFO]: [ChunkHolderManager] Saved 0 block chunks, 16 entity chunks, 0 poi chunks in world 'world_nether' in 0,01s
[12:04:43] [Server thread/INFO]: ThreadedAnvilChunkStorage (DIM-1): All chunks are saved
[12:04:43] [Server thread/INFO]: Saving chunks for level 'ServerLevel[world_the_end]'/minecraft:the_end
[12:04:43] [Server thread/INFO]: [ChunkHolderManager] Waiting 60s for chunk system to halt for world 'world_the_end'
[12:04:43] [Server thread/INFO]: [ChunkHolderManager] Halted chunk system for world 'world_the_end'
[12:04:43] [Server thread/INFO]: [ChunkHolderManager] Saving all chunkholders for world 'world_the_end'
[12:04:43] [Server thread/INFO]: [ChunkHolderManager] Saved 0 block chunks, 19 entity chunks, 0 poi chunks in world 'world_the_end' in 0,03s
[12:04:43] [Server thread/INFO]: ThreadedAnvilChunkStorage (DIM1): All chunks are saved
[12:04:43] [Server thread/INFO]: ThreadedAnvilChunkStorage: All dimensions are saved
[12:04:43] [Server thread/INFO]: Flushing Chunk IO
[12:04:43] [Server thread/INFO]: Closing Thread Pool
[12:04:43] [Server thread/INFO]: Closing Server
